Archive member included to satisfy reference by file (symbol)

c:/program files (x86)/avr-gcc-12.0.1/bin/../lib/gcc/avr/12.1.0/avr6\libgcc.a(_divmodhi4.o)
                              obj\Debug\TM1637.o (__divmodhi4)
c:/program files (x86)/avr-gcc-12.0.1/bin/../lib/gcc/avr/12.1.0/avr6\libgcc.a(_udivmodsi4.o)
                              obj\Debug\communication.o (__udivmodsi4)
c:/program files (x86)/avr-gcc-12.0.1/bin/../lib/gcc/avr/12.1.0/avr6\libgcc.a(_divmodsi4.o)
                              obj\Debug\music.o (__divmodsi4)
c:/program files (x86)/avr-gcc-12.0.1/bin/../lib/gcc/avr/12.1.0/avr6\libgcc.a(_negsi2.o)
                              c:/program files (x86)/avr-gcc-12.0.1/bin/../lib/gcc/avr/12.1.0/avr6\libgcc.a(_divmodsi4.o) (__negsi2)
c:/program files (x86)/avr-gcc-12.0.1/bin/../lib/gcc/avr/12.1.0/avr6\libgcc.a(_exit.o)
                              c:/program files (x86)/avr-gcc-12.0.1/bin/../lib/gcc/avr/12.1.0/../../../../avr/lib/avr6/crtatmega2560.o (exit)
c:/program files (x86)/avr-gcc-12.0.1/bin/../lib/gcc/avr/12.1.0/avr6\libgcc.a(_tablejump2.o)
                              obj\Debug\communication.o (__tablejump2__)
c:/program files (x86)/avr-gcc-12.0.1/bin/../lib/gcc/avr/12.1.0/avr6\libgcc.a(_copy_data.o)
                              obj\Debug\communication.o (__do_copy_data)
c:/program files (x86)/avr-gcc-12.0.1/bin/../lib/gcc/avr/12.1.0/avr6\libgcc.a(_clear_bss.o)
                              obj\Debug\music.o (__do_clear_bss)
c:/program files (x86)/avr-gcc-12.0.1/bin/../lib/gcc/avr/12.1.0/avr6\libgcc.a(_udivmodhi4.o)
                              c:/program files (x86)/avr-gcc-12.0.1/bin/../lib/gcc/avr/12.1.0/avr6\libgcc.a(_divmodhi4.o) (__udivmodhi4)

Memory Configuration

Name             Origin             Length             Attributes
text             0x0000000000000000 0x0000000000100000 xr
data             0x0000000000800200 0x000000000000fe00 rw !x
eeprom           0x0000000000810000 0x0000000000010000 rw !x
fuse             0x0000000000820000 0x0000000000000003 rw !x
lock             0x0000000000830000 0x0000000000000400 rw !x
signature        0x0000000000840000 0x0000000000000400 rw !x
user_signatures  0x0000000000850000 0x0000000000000400 rw !x
*default*        0x0000000000000000 0xffffffffffffffff

Linker script and memory map

Address of section .data set to 0x800200
LOAD c:/program files (x86)/avr-gcc-12.0.1/bin/../lib/gcc/avr/12.1.0/../../../../avr/lib/avr6/crtatmega2560.o
LOAD obj\Debug\basic_io.o
LOAD obj\Debug\communication.o
LOAD obj\Debug\fuse.o
LOAD obj\Debug\intermediate_control.o
LOAD obj\Debug\main.o
LOAD obj\Debug\music.o
LOAD obj\Debug\rfid_mfrc522.o
LOAD obj\Debug\TM1637.o
START GROUP
LOAD c:/program files (x86)/avr-gcc-12.0.1/bin/../lib/gcc/avr/12.1.0/avr6\libgcc.a
LOAD c:/program files (x86)/avr-gcc-12.0.1/bin/../lib/gcc/avr/12.1.0/../../../../avr/lib/avr6\libm.a
LOAD c:/program files (x86)/avr-gcc-12.0.1/bin/../lib/gcc/avr/12.1.0/../../../../avr/lib/avr6\libc.a
LOAD c:/program files (x86)/avr-gcc-12.0.1/bin/../lib/gcc/avr/12.1.0/../../../../avr/lib/avr6\libatmega2560.a
END GROUP
                0x0000000000100000                __TEXT_REGION_LENGTH__ = DEFINED (__TEXT_REGION_LENGTH__)?__TEXT_REGION_LENGTH__:0x100000
                0x000000000000fe00                __DATA_REGION_LENGTH__ = DEFINED (__DATA_REGION_LENGTH__)?__DATA_REGION_LENGTH__:0xfe00
                0x0000000000010000                __EEPROM_REGION_LENGTH__ = DEFINED (__EEPROM_REGION_LENGTH__)?__EEPROM_REGION_LENGTH__:0x10000
                [0x0000000000000003]                __FUSE_REGION_LENGTH__ = DEFINED (__FUSE_REGION_LENGTH__)?__FUSE_REGION_LENGTH__:0x400
                0x0000000000000400                __LOCK_REGION_LENGTH__ = DEFINED (__LOCK_REGION_LENGTH__)?__LOCK_REGION_LENGTH__:0x400
                0x0000000000000400                __SIGNATURE_REGION_LENGTH__ = DEFINED (__SIGNATURE_REGION_LENGTH__)?__SIGNATURE_REGION_LENGTH__:0x400
                0x0000000000000400                __USER_SIGNATURE_REGION_LENGTH__ = DEFINED (__USER_SIGNATURE_REGION_LENGTH__)?__USER_SIGNATURE_REGION_LENGTH__:0x400

.hash
 *(.hash)

.dynsym
 *(.dynsym)

.dynstr
 *(.dynstr)

.gnu.version
 *(.gnu.version)

.gnu.version_d
 *(.gnu.version_d)

.gnu.version_r
 *(.gnu.version_r)

.rel.init
 *(.rel.init)

.rela.init
 *(.rela.init)

.rel.text
 *(.rel.text)
 *(.rel.text.*)
 *(.rel.gnu.linkonce.t*)

.rela.text
 *(.rela.text)
 *(.rela.text.*)
 *(.rela.gnu.linkonce.t*)

.rel.fini
 *(.rel.fini)

.rela.fini
 *(.rela.fini)

.rel.rodata
 *(.rel.rodata)
 *(.rel.rodata.*)
 *(.rel.gnu.linkonce.r*)

.rela.rodata
 *(.rela.rodata)
 *(.rela.rodata.*)
 *(.rela.gnu.linkonce.r*)

.rel.data
 *(.rel.data)
 *(.rel.data.*)
 *(.rel.gnu.linkonce.d*)

.rela.data
 *(.rela.data)
 *(.rela.data.*)
 *(.rela.gnu.linkonce.d*)

.rel.ctors
 *(.rel.ctors)

.rela.ctors
 *(.rela.ctors)

.rel.dtors
 *(.rel.dtors)

.rela.dtors
 *(.rela.dtors)

.rel.got
 *(.rel.got)

.rela.got
 *(.rela.got)

.rel.bss
 *(.rel.bss)

.rela.bss
 *(.rela.bss)

.rel.plt
 *(.rel.plt)

.rela.plt
 *(.rela.plt)

.text           0x0000000000000000     0x15e4
 *(.vectors)
 .vectors       0x0000000000000000       0xe4 c:/program files (x86)/avr-gcc-12.0.1/bin/../lib/gcc/avr/12.1.0/../../../../avr/lib/avr6/crtatmega2560.o
                0x0000000000000000                __vector_default
                0x0000000000000000                __vectors
 *(.vectors)
 *(.progmem.gcc*)
                0x00000000000000e4                . = ALIGN (0x2)
                0x00000000000000e4                __trampolines_start = .
 *(.trampolines)
 .trampolines   0x00000000000000e4       0x60 linker stubs
 *(.trampolines*)
                0x0000000000000144                __trampolines_end = .
 *libprintf_flt.a:*(.progmem.data)
 *libc.a:*(.progmem.data)
 *(.progmem.*)
                0x0000000000000144                . = ALIGN (0x2)
 *(.lowtext)
 *(.lowtext*)
                0x0000000000000144                __ctors_start = .
 *(.ctors)
                0x0000000000000144                __ctors_end = .
                0x0000000000000144                __dtors_start = .
 *(.dtors)
                0x0000000000000144                __dtors_end = .
 SORT_BY_NAME(*)(.ctors)
 SORT_BY_NAME(*)(.dtors)
 *(.init0)
 .init0         0x0000000000000144        0x0 c:/program files (x86)/avr-gcc-12.0.1/bin/../lib/gcc/avr/12.1.0/../../../../avr/lib/avr6/crtatmega2560.o
                0x0000000000000144                __init
 *(.init0)
 *(.init1)
 *(.init1)
 *(.init2)
 .init2         0x0000000000000144       0x10 c:/program files (x86)/avr-gcc-12.0.1/bin/../lib/gcc/avr/12.1.0/../../../../avr/lib/avr6/crtatmega2560.o
 *(.init2)
 *(.init3)
 *(.init3)
 *(.init4)
 .init4         0x0000000000000154       0x1a c:/program files (x86)/avr-gcc-12.0.1/bin/../lib/gcc/avr/12.1.0/avr6\libgcc.a(_copy_data.o)
                0x0000000000000154                __do_copy_data
 .init4         0x000000000000016e       0x10 c:/program files (x86)/avr-gcc-12.0.1/bin/../lib/gcc/avr/12.1.0/avr6\libgcc.a(_clear_bss.o)
                0x000000000000016e                __do_clear_bss
 *(.init4)
 *(.init5)
 *(.init5)
 *(.init6)
 *(.init6)
 *(.init7)
 *(.init7)
 *(.init8)
 *(.init8)
 *(.init9)
 .init9         0x000000000000017e        0x8 c:/program files (x86)/avr-gcc-12.0.1/bin/../lib/gcc/avr/12.1.0/../../../../avr/lib/avr6/crtatmega2560.o
 *(.init9)
 *(.text)
 .text          0x0000000000000186        0x4 c:/program files (x86)/avr-gcc-12.0.1/bin/../lib/gcc/avr/12.1.0/../../../../avr/lib/avr6/crtatmega2560.o
                0x0000000000000186                __vector_38
                0x0000000000000186                __vector_22
                0x0000000000000186                __vector_28
                0x0000000000000186                __vector_32
                0x0000000000000186                __vector_34
                0x0000000000000186                __vector_24
                0x0000000000000186                __vector_12
                0x0000000000000186                __vector_55
                0x0000000000000186                __vector_46
                0x0000000000000186                __bad_interrupt
                0x0000000000000186                __vector_6
                0x0000000000000186                __vector_31
                0x0000000000000186                __vector_35
                0x0000000000000186                __vector_39
                0x0000000000000186                __vector_3
                0x0000000000000186                __vector_23
                0x0000000000000186                __vector_30
                0x0000000000000186                __vector_45
                0x0000000000000186                __vector_25
                0x0000000000000186                __vector_11
                0x0000000000000186                __vector_54
                0x0000000000000186                __vector_13
                0x0000000000000186                __vector_17
                0x0000000000000186                __vector_19
                0x0000000000000186                __vector_56
                0x0000000000000186                __vector_7
                0x0000000000000186                __vector_49
                0x0000000000000186                __vector_41
                0x0000000000000186                __vector_43
                0x0000000000000186                __vector_27
                0x0000000000000186                __vector_5
                0x0000000000000186                __vector_33
                0x0000000000000186                __vector_47
                0x0000000000000186                __vector_52
                0x0000000000000186                __vector_37
                0x0000000000000186                __vector_4
                0x0000000000000186                __vector_44
                0x0000000000000186                __vector_51
                0x0000000000000186                __vector_9
                0x0000000000000186                __vector_2
                0x0000000000000186                __vector_21
                0x0000000000000186                __vector_15
                0x0000000000000186                __vector_36
                0x0000000000000186                __vector_29
                0x0000000000000186                __vector_40
                0x0000000000000186                __vector_8
                0x0000000000000186                __vector_26
                0x0000000000000186                __vector_48
                0x0000000000000186                __vector_14
                0x0000000000000186                __vector_53
                0x0000000000000186                __vector_10
                0x0000000000000186                __vector_50
                0x0000000000000186                __vector_16
                0x0000000000000186                __vector_18
                0x0000000000000186                __vector_20
                0x0000000000000186                __vector_42
 .text          0x000000000000018a       0xae obj\Debug\basic_io.o
                0x000000000000018a                donk_init
                0x00000000000001ac                init_stop_button
                0x00000000000001c2                donk_left
                0x00000000000001d2                donk_right
                0x00000000000001e2                stop_pressed
                0x00000000000001e8                start_button_init
                0x00000000000001ee                basic_io_init
                0x00000000000001fc                starting_button
                0x0000000000000208                __vector_1
 .text          0x0000000000000238      0x218 obj\Debug\communication.o
                0x0000000000000238                USART0_init
                0x0000000000000264                USART1_init
                0x0000000000000290                USART0_sendByte
                0x00000000000002a0                USART0_sendString
                0x00000000000002c0                USART0_sendHexByte
                0x000000000000032a                USART1_sendCommand
                0x00000000000003be                USART1_receiveByte
                0x00000000000003ce                task_manager
 .text          0x0000000000000450        0x0 obj\Debug\fuse.o
 .text          0x0000000000000450      0x190 obj\Debug\intermediate_control.o
                0x0000000000000450                init_gp_timer
                0x0000000000000468                init_gp_timer2
                0x0000000000000480                itermediate_control_init
                0x000000000000048a                init
                0x000000000000049e                gp_timer
                0x000000000000050e                gp_timer2
                0x000000000000057e                donk_detection
 .text          0x00000000000005e0      0x2a4 obj\Debug\main.o
                0x00000000000005e0                main
 .text          0x0000000000000884      0x404 obj\Debug\music.o
                0x0000000000000884                music_init
                0x00000000000008a2                buzzer_enable
                0x00000000000008c2                hz_to_icr_value
                0x00000000000008da                play_note
                0x000000000000094e                play_beep
                0x0000000000000a20                play_beep_sad
                0x0000000000000af2                play_song
 .text          0x0000000000000c88      0x3a8 obj\Debug\rfid_mfrc522.o
                0x0000000000000c88                spi_init
                0x0000000000000c96                spi_transfer
                0x0000000000000d88                rfid_init
                0x0000000000000eee                rfid_check_tag_present
                0x0000000000000fd2                rfid_tag_detected
 .text          0x0000000000001030      0x49e obj\Debug\TM1637.o
                0x0000000000001030                display_start
                0x0000000000001052                display_stop
                0x0000000000001074                display_sendbyte
                0x00000000000010c4                display_brightness
                0x00000000000010de                display_number
                0x0000000000001140                display_metal_and_non_metal
                0x000000000000120e                display_letter
                0x000000000000123c                display_init
                0x0000000000001264                display_cfg
                0x000000000000128e                display_heavy
                0x00000000000012b6                display_light
                0x00000000000012e0                display_fol
                0x000000000000130a                display_cnt
                0x0000000000001334                display_turn
                0x000000000000135e                display_dist
                0x0000000000001388                display_pac
                0x00000000000013b2                display_mode
                0x00000000000013c2                display_left
                0x00000000000013ec                display_rght
                0x0000000000001416                display_direction
                0x0000000000001426                display_go
                0x0000000000001450                display_end
                0x000000000000147a                display_srch
                0x00000000000014a4                display_txt_stop
 .text          0x00000000000014ce        0x0 c:/program files (x86)/avr-gcc-12.0.1/bin/../lib/gcc/avr/12.1.0/avr6\libgcc.a(_divmodhi4.o)
 .text          0x00000000000014ce        0x0 c:/program files (x86)/avr-gcc-12.0.1/bin/../lib/gcc/avr/12.1.0/avr6\libgcc.a(_udivmodsi4.o)
 .text          0x00000000000014ce        0x0 c:/program files (x86)/avr-gcc-12.0.1/bin/../lib/gcc/avr/12.1.0/avr6\libgcc.a(_divmodsi4.o)
 .text          0x00000000000014ce        0x0 c:/program files (x86)/avr-gcc-12.0.1/bin/../lib/gcc/avr/12.1.0/avr6\libgcc.a(_negsi2.o)
 .text          0x00000000000014ce        0x0 c:/program files (x86)/avr-gcc-12.0.1/bin/../lib/gcc/avr/12.1.0/avr6\libgcc.a(_exit.o)
 .text          0x00000000000014ce        0x0 c:/program files (x86)/avr-gcc-12.0.1/bin/../lib/gcc/avr/12.1.0/avr6\libgcc.a(_tablejump2.o)
 .text          0x00000000000014ce        0x0 c:/program files (x86)/avr-gcc-12.0.1/bin/../lib/gcc/avr/12.1.0/avr6\libgcc.a(_copy_data.o)
 .text          0x00000000000014ce        0x0 c:/program files (x86)/avr-gcc-12.0.1/bin/../lib/gcc/avr/12.1.0/avr6\libgcc.a(_clear_bss.o)
 .text          0x00000000000014ce        0x0 c:/program files (x86)/avr-gcc-12.0.1/bin/../lib/gcc/avr/12.1.0/avr6\libgcc.a(_udivmodhi4.o)
                0x00000000000014ce                . = ALIGN (0x2)
 *(.text.*)
 .text.libgcc.mul
                0x00000000000014ce        0x0 c:/program files (x86)/avr-gcc-12.0.1/bin/../lib/gcc/avr/12.1.0/avr6\libgcc.a(_divmodhi4.o)
 .text.libgcc.div
                0x00000000000014ce       0x28 c:/program files (x86)/avr-gcc-12.0.1/bin/../lib/gcc/avr/12.1.0/avr6\libgcc.a(_divmodhi4.o)
                0x00000000000014ce                _div
                0x00000000000014ce                __divmodhi4
 .text.libgcc   0x00000000000014f6        0x0 c:/program files (x86)/avr-gcc-12.0.1/bin/../lib/gcc/avr/12.1.0/avr6\libgcc.a(_divmodhi4.o)
 .text.libgcc.prologue
                0x00000000000014f6        0x0 c:/program files (x86)/avr-gcc-12.0.1/bin/../lib/gcc/avr/12.1.0/avr6\libgcc.a(_divmodhi4.o)
 .text.libgcc.builtins
                0x00000000000014f6        0x0 c:/program files (x86)/avr-gcc-12.0.1/bin/../lib/gcc/avr/12.1.0/avr6\libgcc.a(_divmodhi4.o)
 .text.libgcc.fmul
                0x00000000000014f6        0x0 c:/program files (x86)/avr-gcc-12.0.1/bin/../lib/gcc/avr/12.1.0/avr6\libgcc.a(_divmodhi4.o)
 .text.libgcc.fixed
                0x00000000000014f6        0x0 c:/program files (x86)/avr-gcc-12.0.1/bin/../lib/gcc/avr/12.1.0/avr6\libgcc.a(_divmodhi4.o)
 .text.libgcc.mul
                0x00000000000014f6        0x0 c:/program files (x86)/avr-gcc-12.0.1/bin/../lib/gcc/avr/12.1.0/avr6\libgcc.a(_udivmodsi4.o)
 .text.libgcc.div
                0x00000000000014f6       0x44 c:/program files (x86)/avr-gcc-12.0.1/bin/../lib/gcc/avr/12.1.0/avr6\libgcc.a(_udivmodsi4.o)
                0x00000000000014f6                __udivmodsi4
 .text.libgcc   0x000000000000153a        0x0 c:/program files (x86)/avr-gcc-12.0.1/bin/../lib/gcc/avr/12.1.0/avr6\libgcc.a(_udivmodsi4.o)
 .text.libgcc.prologue
                0x000000000000153a        0x0 c:/program files (x86)/avr-gcc-12.0.1/bin/../lib/gcc/avr/12.1.0/avr6\libgcc.a(_udivmodsi4.o)
 .text.libgcc.builtins
                0x000000000000153a        0x0 c:/program files (x86)/avr-gcc-12.0.1/bin/../lib/gcc/avr/12.1.0/avr6\libgcc.a(_udivmodsi4.o)
 .text.libgcc.fmul
                0x000000000000153a        0x0 c:/program files (x86)/avr-gcc-12.0.1/bin/../lib/gcc/avr/12.1.0/avr6\libgcc.a(_udivmodsi4.o)
 .text.libgcc.fixed
                0x000000000000153a        0x0 c:/program files (x86)/avr-gcc-12.0.1/bin/../lib/gcc/avr/12.1.0/avr6\libgcc.a(_udivmodsi4.o)
 .text.libgcc.mul
                0x000000000000153a        0x0 c:/program files (x86)/avr-gcc-12.0.1/bin/../lib/gcc/avr/12.1.0/avr6\libgcc.a(_divmodsi4.o)
 .text.libgcc.div
                0x000000000000153a       0x2e c:/program files (x86)/avr-gcc-12.0.1/bin/../lib/gcc/avr/12.1.0/avr6\libgcc.a(_divmodsi4.o)
                0x000000000000153a                __divmodsi4
 .text.libgcc   0x0000000000001568        0x0 c:/program files (x86)/avr-gcc-12.0.1/bin/../lib/gcc/avr/12.1.0/avr6\libgcc.a(_divmodsi4.o)
 .text.libgcc.prologue
                0x0000000000001568        0x0 c:/program files (x86)/avr-gcc-12.0.1/bin/../lib/gcc/avr/12.1.0/avr6\libgcc.a(_divmodsi4.o)
 .text.libgcc.builtins
                0x0000000000001568        0x0 c:/program files (x86)/avr-gcc-12.0.1/bin/../lib/gcc/avr/12.1.0/avr6\libgcc.a(_divmodsi4.o)
 .text.libgcc.fmul
                0x0000000000001568        0x0 c:/program files (x86)/avr-gcc-12.0.1/bin/../lib/gcc/avr/12.1.0/avr6\libgcc.a(_divmodsi4.o)
 .text.libgcc.fixed
                0x0000000000001568        0x0 c:/program files (x86)/avr-gcc-12.0.1/bin/../lib/gcc/avr/12.1.0/avr6\libgcc.a(_divmodsi4.o)
 .text.libgcc.mul
                0x0000000000001568        0x0 c:/program files (x86)/avr-gcc-12.0.1/bin/../lib/gcc/avr/12.1.0/avr6\libgcc.a(_negsi2.o)
 .text.libgcc.div
                0x0000000000001568       0x10 c:/program files (x86)/avr-gcc-12.0.1/bin/../lib/gcc/avr/12.1.0/avr6\libgcc.a(_negsi2.o)
                0x0000000000001568                __negsi2
 .text.libgcc   0x0000000000001578        0x0 c:/program files (x86)/avr-gcc-12.0.1/bin/../lib/gcc/avr/12.1.0/avr6\libgcc.a(_negsi2.o)
 .text.libgcc.prologue
                0x0000000000001578        0x0 c:/program files (x86)/avr-gcc-12.0.1/bin/../lib/gcc/avr/12.1.0/avr6\libgcc.a(_negsi2.o)
 .text.libgcc.builtins
                0x0000000000001578        0x0 c:/program files (x86)/avr-gcc-12.0.1/bin/../lib/gcc/avr/12.1.0/avr6\libgcc.a(_negsi2.o)
 .text.libgcc.fmul
                0x0000000000001578        0x0 c:/program files (x86)/avr-gcc-12.0.1/bin/../lib/gcc/avr/12.1.0/avr6\libgcc.a(_negsi2.o)
 .text.libgcc.fixed
                0x0000000000001578        0x0 c:/program files (x86)/avr-gcc-12.0.1/bin/../lib/gcc/avr/12.1.0/avr6\libgcc.a(_negsi2.o)
 .text.libgcc.mul
                0x0000000000001578        0x0 c:/program files (x86)/avr-gcc-12.0.1/bin/../lib/gcc/avr/12.1.0/avr6\libgcc.a(_exit.o)
 .text.libgcc.div
                0x0000000000001578        0x0 c:/program files (x86)/avr-gcc-12.0.1/bin/../lib/gcc/avr/12.1.0/avr6\libgcc.a(_exit.o)
 .text.libgcc   0x0000000000001578        0x0 c:/program files (x86)/avr-gcc-12.0.1/bin/../lib/gcc/avr/12.1.0/avr6\libgcc.a(_exit.o)
 .text.libgcc.prologue
                0x0000000000001578        0x0 c:/program files (x86)/avr-gcc-12.0.1/bin/../lib/gcc/avr/12.1.0/avr6\libgcc.a(_exit.o)
 .text.libgcc.builtins
                0x0000000000001578        0x0 c:/program files (x86)/avr-gcc-12.0.1/bin/../lib/gcc/avr/12.1.0/avr6\libgcc.a(_exit.o)
 .text.libgcc.fmul
                0x0000000000001578        0x0 c:/program files (x86)/avr-gcc-12.0.1/bin/../lib/gcc/avr/12.1.0/avr6\libgcc.a(_exit.o)
 .text.libgcc.fixed
                0x0000000000001578        0x0 c:/program files (x86)/avr-gcc-12.0.1/bin/../lib/gcc/avr/12.1.0/avr6\libgcc.a(_exit.o)
 .text.libgcc.mul
                0x0000000000001578        0x0 c:/program files (x86)/avr-gcc-12.0.1/bin/../lib/gcc/avr/12.1.0/avr6\libgcc.a(_tablejump2.o)
 .text.libgcc.div
                0x0000000000001578        0x0 c:/program files (x86)/avr-gcc-12.0.1/bin/../lib/gcc/avr/12.1.0/avr6\libgcc.a(_tablejump2.o)
 .text.libgcc   0x0000000000001578       0x10 c:/program files (x86)/avr-gcc-12.0.1/bin/../lib/gcc/avr/12.1.0/avr6\libgcc.a(_tablejump2.o)
                0x0000000000001578                __tablejump2__
 .text.libgcc.prologue
                0x0000000000001588        0x0 c:/program files (x86)/avr-gcc-12.0.1/bin/../lib/gcc/avr/12.1.0/avr6\libgcc.a(_tablejump2.o)
 .text.libgcc.builtins
                0x0000000000001588        0x0 c:/program files (x86)/avr-gcc-12.0.1/bin/../lib/gcc/avr/12.1.0/avr6\libgcc.a(_tablejump2.o)
 .text.libgcc.fmul
                0x0000000000001588        0x0 c:/program files (x86)/avr-gcc-12.0.1/bin/../lib/gcc/avr/12.1.0/avr6\libgcc.a(_tablejump2.o)
 .text.libgcc.fixed
                0x0000000000001588        0x0 c:/program files (x86)/avr-gcc-12.0.1/bin/../lib/gcc/avr/12.1.0/avr6\libgcc.a(_tablejump2.o)
 .text.libgcc.mul
                0x0000000000001588        0x0 c:/program files (x86)/avr-gcc-12.0.1/bin/../lib/gcc/avr/12.1.0/avr6\libgcc.a(_copy_data.o)
 .text.libgcc.div
                0x0000000000001588        0x0 c:/program files (x86)/avr-gcc-12.0.1/bin/../lib/gcc/avr/12.1.0/avr6\libgcc.a(_copy_data.o)
 .text.libgcc   0x0000000000001588        0x0 c:/program files (x86)/avr-gcc-12.0.1/bin/../lib/gcc/avr/12.1.0/avr6\libgcc.a(_copy_data.o)
 .text.libgcc.prologue
                0x0000000000001588        0x0 c:/program files (x86)/avr-gcc-12.0.1/bin/../lib/gcc/avr/12.1.0/avr6\libgcc.a(_copy_data.o)
 .text.libgcc.builtins
                0x0000000000001588        0x0 c:/program files (x86)/avr-gcc-12.0.1/bin/../lib/gcc/avr/12.1.0/avr6\libgcc.a(_copy_data.o)
 .text.libgcc.fmul
                0x0000000000001588        0x0 c:/program files (x86)/avr-gcc-12.0.1/bin/../lib/gcc/avr/12.1.0/avr6\libgcc.a(_copy_data.o)
 .text.libgcc.fixed
                0x0000000000001588        0x0 c:/program files (x86)/avr-gcc-12.0.1/bin/../lib/gcc/avr/12.1.0/avr6\libgcc.a(_copy_data.o)
 .text.libgcc.mul
                0x0000000000001588        0x0 c:/program files (x86)/avr-gcc-12.0.1/bin/../lib/gcc/avr/12.1.0/avr6\libgcc.a(_clear_bss.o)
 .text.libgcc.div
                0x0000000000001588        0x0 c:/program files (x86)/avr-gcc-12.0.1/bin/../lib/gcc/avr/12.1.0/avr6\libgcc.a(_clear_bss.o)
 .text.libgcc   0x0000000000001588        0x0 c:/program files (x86)/avr-gcc-12.0.1/bin/../lib/gcc/avr/12.1.0/avr6\libgcc.a(_clear_bss.o)
 .text.libgcc.prologue
                0x0000000000001588        0x0 c:/program files (x86)/avr-gcc-12.0.1/bin/../lib/gcc/avr/12.1.0/avr6\libgcc.a(_clear_bss.o)
 .text.libgcc.builtins
                0x0000000000001588        0x0 c:/program files (x86)/avr-gcc-12.0.1/bin/../lib/gcc/avr/12.1.0/avr6\libgcc.a(_clear_bss.o)
 .text.libgcc.fmul
                0x0000000000001588        0x0 c:/program files (x86)/avr-gcc-12.0.1/bin/../lib/gcc/avr/12.1.0/avr6\libgcc.a(_clear_bss.o)
 .text.libgcc.fixed
                0x0000000000001588        0x0 c:/program files (x86)/avr-gcc-12.0.1/bin/../lib/gcc/avr/12.1.0/avr6\libgcc.a(_clear_bss.o)
 .text.libgcc.mul
                0x0000000000001588        0x0 c:/program files (x86)/avr-gcc-12.0.1/bin/../lib/gcc/avr/12.1.0/avr6\libgcc.a(_udivmodhi4.o)
 .text.libgcc.div
                0x0000000000001588       0x28 c:/program files (x86)/avr-gcc-12.0.1/bin/../lib/gcc/avr/12.1.0/avr6\libgcc.a(_udivmodhi4.o)
                0x0000000000001588                __udivmodhi4
 .text.libgcc   0x00000000000015b0        0x0 c:/program files (x86)/avr-gcc-12.0.1/bin/../lib/gcc/avr/12.1.0/avr6\libgcc.a(_udivmodhi4.o)
 .text.libgcc.prologue
                0x00000000000015b0        0x0 c:/program files (x86)/avr-gcc-12.0.1/bin/../lib/gcc/avr/12.1.0/avr6\libgcc.a(_udivmodhi4.o)
 .text.libgcc.builtins
                0x00000000000015b0        0x0 c:/program files (x86)/avr-gcc-12.0.1/bin/../lib/gcc/avr/12.1.0/avr6\libgcc.a(_udivmodhi4.o)
 .text.libgcc.fmul
                0x00000000000015b0        0x0 c:/program files (x86)/avr-gcc-12.0.1/bin/../lib/gcc/avr/12.1.0/avr6\libgcc.a(_udivmodhi4.o)
 .text.libgcc.fixed
                0x00000000000015b0        0x0 c:/program files (x86)/avr-gcc-12.0.1/bin/../lib/gcc/avr/12.1.0/avr6\libgcc.a(_udivmodhi4.o)
                0x00000000000015b0                . = ALIGN (0x2)
 *(.fini9)
 .fini9         0x00000000000015b0        0x0 c:/program files (x86)/avr-gcc-12.0.1/bin/../lib/gcc/avr/12.1.0/avr6\libgcc.a(_exit.o)
                0x00000000000015b0                _exit
                0x00000000000015b0                exit
 *(.fini9)
 *(.fini8)
 *(.fini8)
 *(.fini7)
 *(.fini7)
 *(.fini6)
 *(.fini6)
 *(.fini5)
 *(.fini5)
 *(.fini4)
 *(.fini4)
 *(.fini3)
 *(.fini3)
 *(.fini2)
 *(.fini2)
 *(.fini1)
 *(.fini1)
 *(.fini0)
 .fini0         0x00000000000015b0        0x4 c:/program files (x86)/avr-gcc-12.0.1/bin/../lib/gcc/avr/12.1.0/avr6\libgcc.a(_exit.o)
 *(.fini0)
 *(.hightext)
 *(.hightext*)
 *(.progmemx.*)
                0x00000000000015b4                . = ALIGN (0x2)
 *(.jumptables)
 *(.jumptables*)
 .jumptables.gcc.task_manager
                0x00000000000015b4       0x12 obj\Debug\communication.o
 .jumptables.gcc.play_song
                0x00000000000015c6       0x1e obj\Debug\music.o
                0x00000000000015e4                _etext = .

.data           0x0000000000800200       0x72 load address 0x00000000000015e4
                0x0000000000800200                PROVIDE (__data_start = .)
 *(.data)
 .data          0x0000000000800200        0x0 c:/program files (x86)/avr-gcc-12.0.1/bin/../lib/gcc/avr/12.1.0/../../../../avr/lib/avr6/crtatmega2560.o
 .data          0x0000000000800200        0x0 obj\Debug\basic_io.o
 .data          0x0000000000800200        0x0 obj\Debug\communication.o
 .data          0x0000000000800200        0x0 obj\Debug\fuse.o
 .data          0x0000000000800200        0x4 obj\Debug\intermediate_control.o
 .data          0x0000000000800204        0x0 obj\Debug\main.o
 .data          0x0000000000800204        0x0 obj\Debug\music.o
 .data          0x0000000000800204        0x0 obj\Debug\rfid_mfrc522.o
 .data          0x0000000000800204        0x0 obj\Debug\TM1637.o
 .data          0x0000000000800204        0x0 c:/program files (x86)/avr-gcc-12.0.1/bin/../lib/gcc/avr/12.1.0/avr6\libgcc.a(_divmodhi4.o)
 .data          0x0000000000800204        0x0 c:/program files (x86)/avr-gcc-12.0.1/bin/../lib/gcc/avr/12.1.0/avr6\libgcc.a(_udivmodsi4.o)
 .data          0x0000000000800204        0x0 c:/program files (x86)/avr-gcc-12.0.1/bin/../lib/gcc/avr/12.1.0/avr6\libgcc.a(_divmodsi4.o)
 .data          0x0000000000800204        0x0 c:/program files (x86)/avr-gcc-12.0.1/bin/../lib/gcc/avr/12.1.0/avr6\libgcc.a(_negsi2.o)
 .data          0x0000000000800204        0x0 c:/program files (x86)/avr-gcc-12.0.1/bin/../lib/gcc/avr/12.1.0/avr6\libgcc.a(_exit.o)
 .data          0x0000000000800204        0x0 c:/program files (x86)/avr-gcc-12.0.1/bin/../lib/gcc/avr/12.1.0/avr6\libgcc.a(_tablejump2.o)
 .data          0x0000000000800204        0x0 c:/program files (x86)/avr-gcc-12.0.1/bin/../lib/gcc/avr/12.1.0/avr6\libgcc.a(_copy_data.o)
 .data          0x0000000000800204        0x0 c:/program files (x86)/avr-gcc-12.0.1/bin/../lib/gcc/avr/12.1.0/avr6\libgcc.a(_clear_bss.o)
 .data          0x0000000000800204        0x0 c:/program files (x86)/avr-gcc-12.0.1/bin/../lib/gcc/avr/12.1.0/avr6\libgcc.a(_udivmodhi4.o)
 *(.data*)
 *(.gnu.linkonce.d*)
 *(.rodata)
 .rodata        0x0000000000800204        0xa obj\Debug\main.o
 .rodata        0x000000000080020e       0x1f obj\Debug\TM1637.o
                0x000000000080020e                letters
                0x0000000000800222                digits
 *(.rodata*)
 .rodata.str1.1
                0x000000000080022d       0x44 obj\Debug\communication.o
                                         0x47 (size before relaxing)
 *(.gnu.linkonce.r*)
                0x0000000000800272                . = ALIGN (0x2)
 *fill*         0x0000000000800271        0x1 
                0x0000000000800272                _edata = .
                0x0000000000800272                PROVIDE (__data_end = .)

.bss            0x0000000000800272        0x6
                0x0000000000800272                PROVIDE (__bss_start = .)
 *(.bss)
 .bss           0x0000000000800272        0x0 c:/program files (x86)/avr-gcc-12.0.1/bin/../lib/gcc/avr/12.1.0/../../../../avr/lib/avr6/crtatmega2560.o
 .bss           0x0000000000800272        0x0 obj\Debug\basic_io.o
 .bss           0x0000000000800272        0x0 obj\Debug\communication.o
 .bss           0x0000000000800272        0x0 obj\Debug\fuse.o
 .bss           0x0000000000800272        0x0 obj\Debug\intermediate_control.o
 .bss           0x0000000000800272        0x0 obj\Debug\main.o
 .bss           0x0000000000800272        0x6 obj\Debug\music.o
 .bss           0x0000000000800278        0x0 obj\Debug\rfid_mfrc522.o
 .bss           0x0000000000800278        0x0 obj\Debug\TM1637.o
 .bss           0x0000000000800278        0x0 c:/program files (x86)/avr-gcc-12.0.1/bin/../lib/gcc/avr/12.1.0/avr6\libgcc.a(_divmodhi4.o)
 .bss           0x0000000000800278        0x0 c:/program files (x86)/avr-gcc-12.0.1/bin/../lib/gcc/avr/12.1.0/avr6\libgcc.a(_udivmodsi4.o)
 .bss           0x0000000000800278        0x0 c:/program files (x86)/avr-gcc-12.0.1/bin/../lib/gcc/avr/12.1.0/avr6\libgcc.a(_divmodsi4.o)
 .bss           0x0000000000800278        0x0 c:/program files (x86)/avr-gcc-12.0.1/bin/../lib/gcc/avr/12.1.0/avr6\libgcc.a(_negsi2.o)
 .bss           0x0000000000800278        0x0 c:/program files (x86)/avr-gcc-12.0.1/bin/../lib/gcc/avr/12.1.0/avr6\libgcc.a(_exit.o)
 .bss           0x0000000000800278        0x0 c:/program files (x86)/avr-gcc-12.0.1/bin/../lib/gcc/avr/12.1.0/avr6\libgcc.a(_tablejump2.o)
 .bss           0x0000000000800278        0x0 c:/program files (x86)/avr-gcc-12.0.1/bin/../lib/gcc/avr/12.1.0/avr6\libgcc.a(_copy_data.o)
 .bss           0x0000000000800278        0x0 c:/program files (x86)/avr-gcc-12.0.1/bin/../lib/gcc/avr/12.1.0/avr6\libgcc.a(_clear_bss.o)
 .bss           0x0000000000800278        0x0 c:/program files (x86)/avr-gcc-12.0.1/bin/../lib/gcc/avr/12.1.0/avr6\libgcc.a(_udivmodhi4.o)
 *(.bss*)
 *(COMMON)
                0x0000000000800278                PROVIDE (__bss_end = .)
                0x00000000000015e4                __data_load_start = LOADADDR (.data)
                0x0000000000001656                __data_load_end = (__data_load_start + SIZEOF (.data))

.noinit         0x0000000000800278        0x0
                [!provide]                        PROVIDE (__noinit_start = .)
 *(.noinit .noinit.* .gnu.linkonce.n.*)
                [!provide]                        PROVIDE (__noinit_end = .)
                0x0000000000800278                _end = .
                [!provide]                        PROVIDE (__heap_start = .)

.eeprom         0x0000000000810000        0x0
 *(.eeprom*)
                0x0000000000810000                __eeprom_end = .

.fuse           0x0000000000820000        0x3
 *(.fuse)
 .fuse          0x0000000000820000        0x3 obj\Debug\fuse.o
                0x0000000000820000                __fuse
 *(.lfuse)
 *(.hfuse)
 *(.efuse)

.lock
 *(.lock*)

.signature
 *(.signature*)

.stab
 *(.stab)

.stabstr
 *(.stabstr)

.stab.excl
 *(.stab.excl)

.stab.exclstr
 *(.stab.exclstr)

.stab.index
 *(.stab.index)

.stab.indexstr
 *(.stab.indexstr)

.comment        0x0000000000000000       0x12
 *(.comment)
 .comment       0x0000000000000000       0x12 obj\Debug\basic_io.o
                                         0x13 (size before relaxing)
 .comment       0x0000000000000012       0x13 obj\Debug\communication.o
 .comment       0x0000000000000012       0x13 obj\Debug\fuse.o
 .comment       0x0000000000000012       0x13 obj\Debug\intermediate_control.o
 .comment       0x0000000000000012       0x13 obj\Debug\main.o
 .comment       0x0000000000000012       0x13 obj\Debug\music.o
 .comment       0x0000000000000012       0x13 obj\Debug\rfid_mfrc522.o
 .comment       0x0000000000000012       0x13 obj\Debug\TM1637.o

.note.gnu.avr.deviceinfo
                0x0000000000000000       0x40
 .note.gnu.avr.deviceinfo
                0x0000000000000000       0x40 c:/program files (x86)/avr-gcc-12.0.1/bin/../lib/gcc/avr/12.1.0/../../../../avr/lib/avr6/crtatmega2560.o

.note.gnu.build-id
 *(.note.gnu.build-id)

.debug
 *(.debug)

.line
 *(.line)

.debug_srcinfo
 *(.debug_srcinfo)

.debug_sfnames
 *(.debug_sfnames)

.debug_aranges  0x0000000000000000      0x218
 *(.debug_aranges)
 .debug_aranges
                0x0000000000000000       0x20 obj\Debug\basic_io.o
 .debug_aranges
                0x0000000000000020       0x20 obj\Debug\communication.o
 .debug_aranges
                0x0000000000000040       0x18 obj\Debug\fuse.o
 .debug_aranges
                0x0000000000000058       0x20 obj\Debug\intermediate_control.o
 .debug_aranges
                0x0000000000000078       0x20 obj\Debug\main.o
 .debug_aranges
                0x0000000000000098       0x20 obj\Debug\music.o
 .debug_aranges
                0x00000000000000b8       0x20 obj\Debug\rfid_mfrc522.o
 .debug_aranges
                0x00000000000000d8       0x20 obj\Debug\TM1637.o
 .debug_aranges
                0x00000000000000f8       0x20 c:/program files (x86)/avr-gcc-12.0.1/bin/../lib/gcc/avr/12.1.0/avr6\libgcc.a(_divmodhi4.o)
 .debug_aranges
                0x0000000000000118       0x20 c:/program files (x86)/avr-gcc-12.0.1/bin/../lib/gcc/avr/12.1.0/avr6\libgcc.a(_udivmodsi4.o)
 .debug_aranges
                0x0000000000000138       0x20 c:/program files (x86)/avr-gcc-12.0.1/bin/../lib/gcc/avr/12.1.0/avr6\libgcc.a(_divmodsi4.o)
 .debug_aranges
                0x0000000000000158       0x20 c:/program files (x86)/avr-gcc-12.0.1/bin/../lib/gcc/avr/12.1.0/avr6\libgcc.a(_negsi2.o)
 .debug_aranges
                0x0000000000000178       0x20 c:/program files (x86)/avr-gcc-12.0.1/bin/../lib/gcc/avr/12.1.0/avr6\libgcc.a(_exit.o)
 .debug_aranges
                0x0000000000000198       0x20 c:/program files (x86)/avr-gcc-12.0.1/bin/../lib/gcc/avr/12.1.0/avr6\libgcc.a(_tablejump2.o)
 .debug_aranges
                0x00000000000001b8       0x20 c:/program files (x86)/avr-gcc-12.0.1/bin/../lib/gcc/avr/12.1.0/avr6\libgcc.a(_copy_data.o)
 .debug_aranges
                0x00000000000001d8       0x20 c:/program files (x86)/avr-gcc-12.0.1/bin/../lib/gcc/avr/12.1.0/avr6\libgcc.a(_clear_bss.o)
 .debug_aranges
                0x00000000000001f8       0x20 c:/program files (x86)/avr-gcc-12.0.1/bin/../lib/gcc/avr/12.1.0/avr6\libgcc.a(_udivmodhi4.o)

.debug_pubnames
 *(.debug_pubnames)

.debug_info     0x0000000000000000     0x34d4
 *(.debug_info .gnu.linkonce.wi.*)
 .debug_info    0x0000000000000000      0xbbc c:/program files (x86)/avr-gcc-12.0.1/bin/../lib/gcc/avr/12.1.0/../../../../avr/lib/avr6/crtatmega2560.o
 .debug_info    0x0000000000000bbc      0x198 obj\Debug\basic_io.o
 .debug_info    0x0000000000000d54      0x4b2 obj\Debug\communication.o
 .debug_info    0x0000000000001206       0xa2 obj\Debug\fuse.o
 .debug_info    0x00000000000012a8      0x216 obj\Debug\intermediate_control.o
 .debug_info    0x00000000000014be      0x5dc obj\Debug\main.o
 .debug_info    0x0000000000001a9a      0x853 obj\Debug\music.o
 .debug_info    0x00000000000022ed      0x57a obj\Debug\rfid_mfrc522.o
 .debug_info    0x0000000000002867      0xb29 obj\Debug\TM1637.o
 .debug_info    0x0000000000003390       0x24 c:/program files (x86)/avr-gcc-12.0.1/bin/../lib/gcc/avr/12.1.0/avr6\libgcc.a(_divmodhi4.o)
 .debug_info    0x00000000000033b4       0x24 c:/program files (x86)/avr-gcc-12.0.1/bin/../lib/gcc/avr/12.1.0/avr6\libgcc.a(_udivmodsi4.o)
 .debug_info    0x00000000000033d8       0x24 c:/program files (x86)/avr-gcc-12.0.1/bin/../lib/gcc/avr/12.1.0/avr6\libgcc.a(_divmodsi4.o)
 .debug_info    0x00000000000033fc       0x24 c:/program files (x86)/avr-gcc-12.0.1/bin/../lib/gcc/avr/12.1.0/avr6\libgcc.a(_negsi2.o)
 .debug_info    0x0000000000003420       0x24 c:/program files (x86)/avr-gcc-12.0.1/bin/../lib/gcc/avr/12.1.0/avr6\libgcc.a(_exit.o)
 .debug_info    0x0000000000003444       0x24 c:/program files (x86)/avr-gcc-12.0.1/bin/../lib/gcc/avr/12.1.0/avr6\libgcc.a(_tablejump2.o)
 .debug_info    0x0000000000003468       0x24 c:/program files (x86)/avr-gcc-12.0.1/bin/../lib/gcc/avr/12.1.0/avr6\libgcc.a(_copy_data.o)
 .debug_info    0x000000000000348c       0x24 c:/program files (x86)/avr-gcc-12.0.1/bin/../lib/gcc/avr/12.1.0/avr6\libgcc.a(_clear_bss.o)
 .debug_info    0x00000000000034b0       0x24 c:/program files (x86)/avr-gcc-12.0.1/bin/../lib/gcc/avr/12.1.0/avr6\libgcc.a(_udivmodhi4.o)

.debug_abbrev   0x0000000000000000     0x163b
 *(.debug_abbrev)
 .debug_abbrev  0x0000000000000000      0xb1a c:/program files (x86)/avr-gcc-12.0.1/bin/../lib/gcc/avr/12.1.0/../../../../avr/lib/avr6/crtatmega2560.o
 .debug_abbrev  0x0000000000000b1a      0x112 obj\Debug\basic_io.o
 .debug_abbrev  0x0000000000000c2c      0x150 obj\Debug\communication.o
 .debug_abbrev  0x0000000000000d7c       0x7b obj\Debug\fuse.o
 .debug_abbrev  0x0000000000000df7      0x10e obj\Debug\intermediate_control.o
 .debug_abbrev  0x0000000000000f05      0x194 obj\Debug\main.o
 .debug_abbrev  0x0000000000001099      0x170 obj\Debug\music.o
 .debug_abbrev  0x0000000000001209      0x23f obj\Debug\rfid_mfrc522.o
 .debug_abbrev  0x0000000000001448      0x13f obj\Debug\TM1637.o
 .debug_abbrev  0x0000000000001587       0x14 c:/program files (x86)/avr-gcc-12.0.1/bin/../lib/gcc/avr/12.1.0/avr6\libgcc.a(_divmodhi4.o)
 .debug_abbrev  0x000000000000159b       0x14 c:/program files (x86)/avr-gcc-12.0.1/bin/../lib/gcc/avr/12.1.0/avr6\libgcc.a(_udivmodsi4.o)
 .debug_abbrev  0x00000000000015af       0x14 c:/program files (x86)/avr-gcc-12.0.1/bin/../lib/gcc/avr/12.1.0/avr6\libgcc.a(_divmodsi4.o)
 .debug_abbrev  0x00000000000015c3       0x14 c:/program files (x86)/avr-gcc-12.0.1/bin/../lib/gcc/avr/12.1.0/avr6\libgcc.a(_negsi2.o)
 .debug_abbrev  0x00000000000015d7       0x14 c:/program files (x86)/avr-gcc-12.0.1/bin/../lib/gcc/avr/12.1.0/avr6\libgcc.a(_exit.o)
 .debug_abbrev  0x00000000000015eb       0x14 c:/program files (x86)/avr-gcc-12.0.1/bin/../lib/gcc/avr/12.1.0/avr6\libgcc.a(_tablejump2.o)
 .debug_abbrev  0x00000000000015ff       0x14 c:/program files (x86)/avr-gcc-12.0.1/bin/../lib/gcc/avr/12.1.0/avr6\libgcc.a(_copy_data.o)
 .debug_abbrev  0x0000000000001613       0x14 c:/program files (x86)/avr-gcc-12.0.1/bin/../lib/gcc/avr/12.1.0/avr6\libgcc.a(_clear_bss.o)
 .debug_abbrev  0x0000000000001627       0x14 c:/program files (x86)/avr-gcc-12.0.1/bin/../lib/gcc/avr/12.1.0/avr6\libgcc.a(_udivmodhi4.o)

.debug_line     0x0000000000000000     0x2b64
 *(.debug_line .debug_line.* .debug_line_end)
 .debug_line    0x0000000000000000       0x1d c:/program files (x86)/avr-gcc-12.0.1/bin/../lib/gcc/avr/12.1.0/../../../../avr/lib/avr6/crtatmega2560.o
 .debug_line    0x000000000000001d      0x2dc obj\Debug\basic_io.o
 .debug_line    0x00000000000002f9      0x58b obj\Debug\communication.o
 .debug_line    0x0000000000000884       0x3f obj\Debug\fuse.o
 .debug_line    0x00000000000008c3      0x475 obj\Debug\intermediate_control.o
 .debug_line    0x0000000000000d38      0x55f obj\Debug\main.o
 .debug_line    0x0000000000001297      0x635 obj\Debug\music.o
 .debug_line    0x00000000000018cc      0x535 obj\Debug\rfid_mfrc522.o
 .debug_line    0x0000000000001e01      0x802 obj\Debug\TM1637.o
 .debug_line    0x0000000000002603       0xb7 c:/program files (x86)/avr-gcc-12.0.1/bin/../lib/gcc/avr/12.1.0/avr6\libgcc.a(_divmodhi4.o)
 .debug_line    0x00000000000026ba      0x111 c:/program files (x86)/avr-gcc-12.0.1/bin/../lib/gcc/avr/12.1.0/avr6\libgcc.a(_udivmodsi4.o)
 .debug_line    0x00000000000027cb       0xbd c:/program files (x86)/avr-gcc-12.0.1/bin/../lib/gcc/avr/12.1.0/avr6\libgcc.a(_divmodsi4.o)
 .debug_line    0x0000000000002888       0x51 c:/program files (x86)/avr-gcc-12.0.1/bin/../lib/gcc/avr/12.1.0/avr6\libgcc.a(_negsi2.o)
 .debug_line    0x00000000000028d9       0x51 c:/program files (x86)/avr-gcc-12.0.1/bin/../lib/gcc/avr/12.1.0/avr6\libgcc.a(_exit.o)
 .debug_line    0x000000000000292a       0x75 c:/program files (x86)/avr-gcc-12.0.1/bin/../lib/gcc/avr/12.1.0/avr6\libgcc.a(_tablejump2.o)
 .debug_line    0x000000000000299f       0x93 c:/program files (x86)/avr-gcc-12.0.1/bin/../lib/gcc/avr/12.1.0/avr6\libgcc.a(_copy_data.o)
 .debug_line    0x0000000000002a32       0x75 c:/program files (x86)/avr-gcc-12.0.1/bin/../lib/gcc/avr/12.1.0/avr6\libgcc.a(_clear_bss.o)
 .debug_line    0x0000000000002aa7       0xbd c:/program files (x86)/avr-gcc-12.0.1/bin/../lib/gcc/avr/12.1.0/avr6\libgcc.a(_udivmodhi4.o)

.debug_frame    0x0000000000000000      0x604
 *(.debug_frame)
 .debug_frame   0x0000000000000000       0xb0 obj\Debug\basic_io.o
 .debug_frame   0x00000000000000b0       0xcc obj\Debug\communication.o
 .debug_frame   0x000000000000017c       0x98 obj\Debug\intermediate_control.o
 .debug_frame   0x0000000000000214       0x2c obj\Debug\main.o
 .debug_frame   0x0000000000000240       0xa4 obj\Debug\music.o
 .debug_frame   0x00000000000002e4      0x134 obj\Debug\rfid_mfrc522.o
 .debug_frame   0x0000000000000418      0x1ec obj\Debug\TM1637.o

.debug_str      0x0000000000000000      0xaa3
 *(.debug_str)
 .debug_str     0x0000000000000000      0x3e9 c:/program files (x86)/avr-gcc-12.0.1/bin/../lib/gcc/avr/12.1.0/../../../../avr/lib/avr6/crtatmega2560.o
 .debug_str     0x00000000000003e9      0x129 obj\Debug\basic_io.o
                                        0x162 (size before relaxing)
 .debug_str     0x0000000000000512      0x11e obj\Debug\communication.o
                                        0x1f3 (size before relaxing)
 .debug_str     0x0000000000000630       0x1e obj\Debug\fuse.o
                                         0xdc (size before relaxing)
 .debug_str     0x000000000000064e       0x76 obj\Debug\intermediate_control.o
                                        0x18f (size before relaxing)
 .debug_str     0x00000000000006c4      0x1b7 obj\Debug\main.o
                                        0x35b (size before relaxing)
 .debug_str     0x000000000000087b       0x4f obj\Debug\music.o
                                        0x172 (size before relaxing)
 .debug_str     0x00000000000008ca       0x89 obj\Debug\rfid_mfrc522.o
                                        0x19d (size before relaxing)
 .debug_str     0x0000000000000953       0xf1 obj\Debug\TM1637.o
                                        0x27f (size before relaxing)
 .debug_str     0x0000000000000a44       0x5f c:/program files (x86)/avr-gcc-12.0.1/bin/../lib/gcc/avr/12.1.0/avr6\libgcc.a(_divmodhi4.o)
 .debug_str     0x0000000000000aa3       0x5f c:/program files (x86)/avr-gcc-12.0.1/bin/../lib/gcc/avr/12.1.0/avr6\libgcc.a(_udivmodsi4.o)
 .debug_str     0x0000000000000aa3       0x5f c:/program files (x86)/avr-gcc-12.0.1/bin/../lib/gcc/avr/12.1.0/avr6\libgcc.a(_divmodsi4.o)
 .debug_str     0x0000000000000aa3       0x5f c:/program files (x86)/avr-gcc-12.0.1/bin/../lib/gcc/avr/12.1.0/avr6\libgcc.a(_negsi2.o)
 .debug_str     0x0000000000000aa3       0x5f c:/program files (x86)/avr-gcc-12.0.1/bin/../lib/gcc/avr/12.1.0/avr6\libgcc.a(_exit.o)
 .debug_str     0x0000000000000aa3       0x5f c:/program files (x86)/avr-gcc-12.0.1/bin/../lib/gcc/avr/12.1.0/avr6\libgcc.a(_tablejump2.o)
 .debug_str     0x0000000000000aa3       0x5f c:/program files (x86)/avr-gcc-12.0.1/bin/../lib/gcc/avr/12.1.0/avr6\libgcc.a(_copy_data.o)
 .debug_str     0x0000000000000aa3       0x5f c:/program files (x86)/avr-gcc-12.0.1/bin/../lib/gcc/avr/12.1.0/avr6\libgcc.a(_clear_bss.o)
 .debug_str     0x0000000000000aa3       0x5f c:/program files (x86)/avr-gcc-12.0.1/bin/../lib/gcc/avr/12.1.0/avr6\libgcc.a(_udivmodhi4.o)

.debug_loc
 *(.debug_loc)

.debug_macinfo
 *(.debug_macinfo)

.debug_weaknames
 *(.debug_weaknames)

.debug_funcnames
 *(.debug_funcnames)

.debug_typenames
 *(.debug_typenames)

.debug_varnames
 *(.debug_varnames)

.debug_pubtypes
 *(.debug_pubtypes)

.debug_ranges
 *(.debug_ranges)

.debug_addr
 *(.debug_addr)

.debug_line_str
                0x0000000000000000      0x2c6
 *(.debug_line_str)
 .debug_line_str
                0x0000000000000000       0xca obj\Debug\basic_io.o
                                        0x153 (size before relaxing)
 .debug_line_str
                0x00000000000000ca       0x20 obj\Debug\communication.o
                                        0x161 (size before relaxing)
 .debug_line_str
                0x00000000000000ea       0x8b obj\Debug\fuse.o
                                         0xe0 (size before relaxing)
 .debug_line_str
                0x0000000000000175       0x22 obj\Debug\intermediate_control.o
                                        0x182 (size before relaxing)
 .debug_line_str
                0x0000000000000197       0x2d obj\Debug\main.o
                                        0x188 (size before relaxing)
 .debug_line_str
                0x00000000000001c4        0x8 obj\Debug\music.o
                                        0x150 (size before relaxing)
 .debug_line_str
                0x00000000000001cc       0x9e obj\Debug\rfid_mfrc522.o
                                        0x14f (size before relaxing)
 .debug_line_str
                0x000000000000026a        0x9 obj\Debug\TM1637.o
                                        0x13c (size before relaxing)
 .debug_line_str
                0x0000000000000273       0x53 c:/program files (x86)/avr-gcc-12.0.1/bin/../lib/gcc/avr/12.1.0/avr6\libgcc.a(_divmodhi4.o)
                                         0x5f (size before relaxing)
 .debug_line_str
                0x00000000000002c6       0x5f c:/program files (x86)/avr-gcc-12.0.1/bin/../lib/gcc/avr/12.1.0/avr6\libgcc.a(_udivmodsi4.o)
 .debug_line_str
                0x00000000000002c6       0x5f c:/program files (x86)/avr-gcc-12.0.1/bin/../lib/gcc/avr/12.1.0/avr6\libgcc.a(_divmodsi4.o)
 .debug_line_str
                0x00000000000002c6       0x5f c:/program files (x86)/avr-gcc-12.0.1/bin/../lib/gcc/avr/12.1.0/avr6\libgcc.a(_negsi2.o)
 .debug_line_str
                0x00000000000002c6       0x5f c:/program files (x86)/avr-gcc-12.0.1/bin/../lib/gcc/avr/12.1.0/avr6\libgcc.a(_exit.o)
 .debug_line_str
                0x00000000000002c6       0x5f c:/program files (x86)/avr-gcc-12.0.1/bin/../lib/gcc/avr/12.1.0/avr6\libgcc.a(_tablejump2.o)
 .debug_line_str
                0x00000000000002c6       0x5f c:/program files (x86)/avr-gcc-12.0.1/bin/../lib/gcc/avr/12.1.0/avr6\libgcc.a(_copy_data.o)
 .debug_line_str
                0x00000000000002c6       0x5f c:/program files (x86)/avr-gcc-12.0.1/bin/../lib/gcc/avr/12.1.0/avr6\libgcc.a(_clear_bss.o)
 .debug_line_str
                0x00000000000002c6       0x5f c:/program files (x86)/avr-gcc-12.0.1/bin/../lib/gcc/avr/12.1.0/avr6\libgcc.a(_udivmodhi4.o)

.debug_loclists
                0x0000000000000000      0xa12
 *(.debug_loclists)
 .debug_loclists
                0x0000000000000000      0x318 obj\Debug\communication.o
 .debug_loclists
                0x0000000000000318       0x75 obj\Debug\intermediate_control.o
 .debug_loclists
                0x000000000000038d      0x200 obj\Debug\main.o
 .debug_loclists
                0x000000000000058d       0xd4 obj\Debug\music.o
 .debug_loclists
                0x0000000000000661      0x200 obj\Debug\rfid_mfrc522.o
 .debug_loclists
                0x0000000000000861      0x1b1 obj\Debug\TM1637.o

.debug_macro
 *(.debug_macro)

.debug_names
 *(.debug_names)

.debug_rnglists
                0x0000000000000000       0x60
 *(.debug_rnglists)
 .debug_rnglists
                0x0000000000000000       0x14 obj\Debug\music.o
 .debug_rnglists
                0x0000000000000014       0x22 obj\Debug\rfid_mfrc522.o
 .debug_rnglists
                0x0000000000000036       0x2a obj\Debug\TM1637.o

.debug_str_offsets
 *(.debug_str_offsets)

.debug_sup
 *(.debug_sup)
OUTPUT(bin\Debug\Bibo.elf elf32-avr)
LOAD linker stubs

Cross Reference Table

Symbol                                            File
USART0_init                                       obj\Debug\communication.o
                                                  obj\Debug\main.o
USART0_sendByte                                   obj\Debug\communication.o
USART0_sendHexByte                                obj\Debug\communication.o
USART0_sendString                                 obj\Debug\communication.o
USART1_init                                       obj\Debug\communication.o
                                                  obj\Debug\main.o
USART1_receiveByte                                obj\Debug\communication.o
                                                  obj\Debug\main.o
USART1_sendCommand                                obj\Debug\communication.o
__FUSE_REGION_LENGTH__                            c:/program files (x86)/avr-gcc-12.0.1/bin/../lib/gcc/avr/12.1.0/../../../../avr/lib/avr6/crtatmega2560.o
__bad_interrupt                                   c:/program files (x86)/avr-gcc-12.0.1/bin/../lib/gcc/avr/12.1.0/../../../../avr/lib/avr6/crtatmega2560.o
__bss_end                                         c:/program files (x86)/avr-gcc-12.0.1/bin/../lib/gcc/avr/12.1.0/avr6\libgcc.a(_clear_bss.o)
__bss_start                                       c:/program files (x86)/avr-gcc-12.0.1/bin/../lib/gcc/avr/12.1.0/avr6\libgcc.a(_clear_bss.o)
__data_end                                        c:/program files (x86)/avr-gcc-12.0.1/bin/../lib/gcc/avr/12.1.0/avr6\libgcc.a(_copy_data.o)
__data_load_start                                 c:/program files (x86)/avr-gcc-12.0.1/bin/../lib/gcc/avr/12.1.0/avr6\libgcc.a(_copy_data.o)
__data_start                                      c:/program files (x86)/avr-gcc-12.0.1/bin/../lib/gcc/avr/12.1.0/avr6\libgcc.a(_copy_data.o)
__divmodhi4                                       c:/program files (x86)/avr-gcc-12.0.1/bin/../lib/gcc/avr/12.1.0/avr6\libgcc.a(_divmodhi4.o)
                                                  obj\Debug\TM1637.o
__divmodsi4                                       c:/program files (x86)/avr-gcc-12.0.1/bin/../lib/gcc/avr/12.1.0/avr6\libgcc.a(_divmodsi4.o)
                                                  obj\Debug\music.o
__do_clear_bss                                    c:/program files (x86)/avr-gcc-12.0.1/bin/../lib/gcc/avr/12.1.0/avr6\libgcc.a(_clear_bss.o)
                                                  obj\Debug\music.o
__do_copy_data                                    c:/program files (x86)/avr-gcc-12.0.1/bin/../lib/gcc/avr/12.1.0/avr6\libgcc.a(_copy_data.o)
                                                  obj\Debug\TM1637.o
                                                  obj\Debug\main.o
                                                  obj\Debug\intermediate_control.o
                                                  obj\Debug\communication.o
__fuse                                            obj\Debug\fuse.o
__heap_end                                        c:/program files (x86)/avr-gcc-12.0.1/bin/../lib/gcc/avr/12.1.0/../../../../avr/lib/avr6/crtatmega2560.o
__init                                            c:/program files (x86)/avr-gcc-12.0.1/bin/../lib/gcc/avr/12.1.0/../../../../avr/lib/avr6/crtatmega2560.o
__negsi2                                          c:/program files (x86)/avr-gcc-12.0.1/bin/../lib/gcc/avr/12.1.0/avr6\libgcc.a(_negsi2.o)
                                                  c:/program files (x86)/avr-gcc-12.0.1/bin/../lib/gcc/avr/12.1.0/avr6\libgcc.a(_divmodsi4.o)
__stack                                           c:/program files (x86)/avr-gcc-12.0.1/bin/../lib/gcc/avr/12.1.0/../../../../avr/lib/avr6/crtatmega2560.o
__tablejump2__                                    c:/program files (x86)/avr-gcc-12.0.1/bin/../lib/gcc/avr/12.1.0/avr6\libgcc.a(_tablejump2.o)
                                                  obj\Debug\music.o
                                                  obj\Debug\communication.o
__udivmodhi4                                      c:/program files (x86)/avr-gcc-12.0.1/bin/../lib/gcc/avr/12.1.0/avr6\libgcc.a(_udivmodhi4.o)
                                                  c:/program files (x86)/avr-gcc-12.0.1/bin/../lib/gcc/avr/12.1.0/avr6\libgcc.a(_divmodhi4.o)
__udivmodsi4                                      c:/program files (x86)/avr-gcc-12.0.1/bin/../lib/gcc/avr/12.1.0/avr6\libgcc.a(_udivmodsi4.o)
                                                  c:/program files (x86)/avr-gcc-12.0.1/bin/../lib/gcc/avr/12.1.0/avr6\libgcc.a(_divmodsi4.o)
                                                  obj\Debug\communication.o
__vector_1                                        obj\Debug\basic_io.o
                                                  c:/program files (x86)/avr-gcc-12.0.1/bin/../lib/gcc/avr/12.1.0/../../../../avr/lib/avr6/crtatmega2560.o
__vector_10                                       c:/program files (x86)/avr-gcc-12.0.1/bin/../lib/gcc/avr/12.1.0/../../../../avr/lib/avr6/crtatmega2560.o
__vector_11                                       c:/program files (x86)/avr-gcc-12.0.1/bin/../lib/gcc/avr/12.1.0/../../../../avr/lib/avr6/crtatmega2560.o
__vector_12                                       c:/program files (x86)/avr-gcc-12.0.1/bin/../lib/gcc/avr/12.1.0/../../../../avr/lib/avr6/crtatmega2560.o
__vector_13                                       c:/program files (x86)/avr-gcc-12.0.1/bin/../lib/gcc/avr/12.1.0/../../../../avr/lib/avr6/crtatmega2560.o
__vector_14                                       c:/program files (x86)/avr-gcc-12.0.1/bin/../lib/gcc/avr/12.1.0/../../../../avr/lib/avr6/crtatmega2560.o
__vector_15                                       c:/program files (x86)/avr-gcc-12.0.1/bin/../lib/gcc/avr/12.1.0/../../../../avr/lib/avr6/crtatmega2560.o
__vector_16                                       c:/program files (x86)/avr-gcc-12.0.1/bin/../lib/gcc/avr/12.1.0/../../../../avr/lib/avr6/crtatmega2560.o
__vector_17                                       c:/program files (x86)/avr-gcc-12.0.1/bin/../lib/gcc/avr/12.1.0/../../../../avr/lib/avr6/crtatmega2560.o
__vector_18                                       c:/program files (x86)/avr-gcc-12.0.1/bin/../lib/gcc/avr/12.1.0/../../../../avr/lib/avr6/crtatmega2560.o
__vector_19                                       c:/program files (x86)/avr-gcc-12.0.1/bin/../lib/gcc/avr/12.1.0/../../../../avr/lib/avr6/crtatmega2560.o
__vector_2                                        c:/program files (x86)/avr-gcc-12.0.1/bin/../lib/gcc/avr/12.1.0/../../../../avr/lib/avr6/crtatmega2560.o
__vector_20                                       c:/program files (x86)/avr-gcc-12.0.1/bin/../lib/gcc/avr/12.1.0/../../../../avr/lib/avr6/crtatmega2560.o
__vector_21                                       c:/program files (x86)/avr-gcc-12.0.1/bin/../lib/gcc/avr/12.1.0/../../../../avr/lib/avr6/crtatmega2560.o
__vector_22                                       c:/program files (x86)/avr-gcc-12.0.1/bin/../lib/gcc/avr/12.1.0/../../../../avr/lib/avr6/crtatmega2560.o
__vector_23                                       c:/program files (x86)/avr-gcc-12.0.1/bin/../lib/gcc/avr/12.1.0/../../../../avr/lib/avr6/crtatmega2560.o
__vector_24                                       c:/program files (x86)/avr-gcc-12.0.1/bin/../lib/gcc/avr/12.1.0/../../../../avr/lib/avr6/crtatmega2560.o
__vector_25                                       c:/program files (x86)/avr-gcc-12.0.1/bin/../lib/gcc/avr/12.1.0/../../../../avr/lib/avr6/crtatmega2560.o
__vector_26                                       c:/program files (x86)/avr-gcc-12.0.1/bin/../lib/gcc/avr/12.1.0/../../../../avr/lib/avr6/crtatmega2560.o
__vector_27                                       c:/program files (x86)/avr-gcc-12.0.1/bin/../lib/gcc/avr/12.1.0/../../../../avr/lib/avr6/crtatmega2560.o
__vector_28                                       c:/program files (x86)/avr-gcc-12.0.1/bin/../lib/gcc/avr/12.1.0/../../../../avr/lib/avr6/crtatmega2560.o
__vector_29                                       c:/program files (x86)/avr-gcc-12.0.1/bin/../lib/gcc/avr/12.1.0/../../../../avr/lib/avr6/crtatmega2560.o
__vector_3                                        c:/program files (x86)/avr-gcc-12.0.1/bin/../lib/gcc/avr/12.1.0/../../../../avr/lib/avr6/crtatmega2560.o
__vector_30                                       c:/program files (x86)/avr-gcc-12.0.1/bin/../lib/gcc/avr/12.1.0/../../../../avr/lib/avr6/crtatmega2560.o
__vector_31                                       c:/program files (x86)/avr-gcc-12.0.1/bin/../lib/gcc/avr/12.1.0/../../../../avr/lib/avr6/crtatmega2560.o
__vector_32                                       c:/program files (x86)/avr-gcc-12.0.1/bin/../lib/gcc/avr/12.1.0/../../../../avr/lib/avr6/crtatmega2560.o
__vector_33                                       c:/program files (x86)/avr-gcc-12.0.1/bin/../lib/gcc/avr/12.1.0/../../../../avr/lib/avr6/crtatmega2560.o
__vector_34                                       c:/program files (x86)/avr-gcc-12.0.1/bin/../lib/gcc/avr/12.1.0/../../../../avr/lib/avr6/crtatmega2560.o
__vector_35                                       c:/program files (x86)/avr-gcc-12.0.1/bin/../lib/gcc/avr/12.1.0/../../../../avr/lib/avr6/crtatmega2560.o
__vector_36                                       c:/program files (x86)/avr-gcc-12.0.1/bin/../lib/gcc/avr/12.1.0/../../../../avr/lib/avr6/crtatmega2560.o
__vector_37                                       c:/program files (x86)/avr-gcc-12.0.1/bin/../lib/gcc/avr/12.1.0/../../../../avr/lib/avr6/crtatmega2560.o
__vector_38                                       c:/program files (x86)/avr-gcc-12.0.1/bin/../lib/gcc/avr/12.1.0/../../../../avr/lib/avr6/crtatmega2560.o
__vector_39                                       c:/program files (x86)/avr-gcc-12.0.1/bin/../lib/gcc/avr/12.1.0/../../../../avr/lib/avr6/crtatmega2560.o
__vector_4                                        c:/program files (x86)/avr-gcc-12.0.1/bin/../lib/gcc/avr/12.1.0/../../../../avr/lib/avr6/crtatmega2560.o
__vector_40                                       c:/program files (x86)/avr-gcc-12.0.1/bin/../lib/gcc/avr/12.1.0/../../../../avr/lib/avr6/crtatmega2560.o
__vector_41                                       c:/program files (x86)/avr-gcc-12.0.1/bin/../lib/gcc/avr/12.1.0/../../../../avr/lib/avr6/crtatmega2560.o
__vector_42                                       c:/program files (x86)/avr-gcc-12.0.1/bin/../lib/gcc/avr/12.1.0/../../../../avr/lib/avr6/crtatmega2560.o
__vector_43                                       c:/program files (x86)/avr-gcc-12.0.1/bin/../lib/gcc/avr/12.1.0/../../../../avr/lib/avr6/crtatmega2560.o
__vector_44                                       c:/program files (x86)/avr-gcc-12.0.1/bin/../lib/gcc/avr/12.1.0/../../../../avr/lib/avr6/crtatmega2560.o
__vector_45                                       c:/program files (x86)/avr-gcc-12.0.1/bin/../lib/gcc/avr/12.1.0/../../../../avr/lib/avr6/crtatmega2560.o
__vector_46                                       c:/program files (x86)/avr-gcc-12.0.1/bin/../lib/gcc/avr/12.1.0/../../../../avr/lib/avr6/crtatmega2560.o
__vector_47                                       c:/program files (x86)/avr-gcc-12.0.1/bin/../lib/gcc/avr/12.1.0/../../../../avr/lib/avr6/crtatmega2560.o
__vector_48                                       c:/program files (x86)/avr-gcc-12.0.1/bin/../lib/gcc/avr/12.1.0/../../../../avr/lib/avr6/crtatmega2560.o
__vector_49                                       c:/program files (x86)/avr-gcc-12.0.1/bin/../lib/gcc/avr/12.1.0/../../../../avr/lib/avr6/crtatmega2560.o
__vector_5                                        c:/program files (x86)/avr-gcc-12.0.1/bin/../lib/gcc/avr/12.1.0/../../../../avr/lib/avr6/crtatmega2560.o
__vector_50                                       c:/program files (x86)/avr-gcc-12.0.1/bin/../lib/gcc/avr/12.1.0/../../../../avr/lib/avr6/crtatmega2560.o
__vector_51                                       c:/program files (x86)/avr-gcc-12.0.1/bin/../lib/gcc/avr/12.1.0/../../../../avr/lib/avr6/crtatmega2560.o
__vector_52                                       c:/program files (x86)/avr-gcc-12.0.1/bin/../lib/gcc/avr/12.1.0/../../../../avr/lib/avr6/crtatmega2560.o
__vector_53                                       c:/program files (x86)/avr-gcc-12.0.1/bin/../lib/gcc/avr/12.1.0/../../../../avr/lib/avr6/crtatmega2560.o
__vector_54                                       c:/program files (x86)/avr-gcc-12.0.1/bin/../lib/gcc/avr/12.1.0/../../../../avr/lib/avr6/crtatmega2560.o
__vector_55                                       c:/program files (x86)/avr-gcc-12.0.1/bin/../lib/gcc/avr/12.1.0/../../../../avr/lib/avr6/crtatmega2560.o
__vector_56                                       c:/program files (x86)/avr-gcc-12.0.1/bin/../lib/gcc/avr/12.1.0/../../../../avr/lib/avr6/crtatmega2560.o
__vector_6                                        c:/program files (x86)/avr-gcc-12.0.1/bin/../lib/gcc/avr/12.1.0/../../../../avr/lib/avr6/crtatmega2560.o
__vector_7                                        c:/program files (x86)/avr-gcc-12.0.1/bin/../lib/gcc/avr/12.1.0/../../../../avr/lib/avr6/crtatmega2560.o
__vector_8                                        c:/program files (x86)/avr-gcc-12.0.1/bin/../lib/gcc/avr/12.1.0/../../../../avr/lib/avr6/crtatmega2560.o
__vector_9                                        c:/program files (x86)/avr-gcc-12.0.1/bin/../lib/gcc/avr/12.1.0/../../../../avr/lib/avr6/crtatmega2560.o
__vector_default                                  c:/program files (x86)/avr-gcc-12.0.1/bin/../lib/gcc/avr/12.1.0/../../../../avr/lib/avr6/crtatmega2560.o
__vectors                                         c:/program files (x86)/avr-gcc-12.0.1/bin/../lib/gcc/avr/12.1.0/../../../../avr/lib/avr6/crtatmega2560.o
_div                                              c:/program files (x86)/avr-gcc-12.0.1/bin/../lib/gcc/avr/12.1.0/avr6\libgcc.a(_divmodhi4.o)
_exit                                             c:/program files (x86)/avr-gcc-12.0.1/bin/../lib/gcc/avr/12.1.0/avr6\libgcc.a(_exit.o)
basic_io_init                                     obj\Debug\basic_io.o
                                                  obj\Debug\intermediate_control.o
buzzer_enable                                     obj\Debug\music.o
                                                  obj\Debug\basic_io.o
digits                                            obj\Debug\TM1637.o
display_brightness                                obj\Debug\TM1637.o
                                                  obj\Debug\main.o
display_cfg                                       obj\Debug\TM1637.o
                                                  obj\Debug\main.o
display_cnt                                       obj\Debug\TM1637.o
display_direction                                 obj\Debug\TM1637.o
display_dist                                      obj\Debug\TM1637.o
display_end                                       obj\Debug\TM1637.o
                                                  obj\Debug\main.o
display_fol                                       obj\Debug\TM1637.o
display_go                                        obj\Debug\TM1637.o
                                                  obj\Debug\main.o
display_heavy                                     obj\Debug\TM1637.o
display_init                                      obj\Debug\TM1637.o
                                                  obj\Debug\intermediate_control.o
display_left                                      obj\Debug\TM1637.o
display_letter                                    obj\Debug\TM1637.o
display_light                                     obj\Debug\TM1637.o
display_metal_and_non_metal                       obj\Debug\TM1637.o
                                                  obj\Debug\main.o
display_mode                                      obj\Debug\TM1637.o
display_number                                    obj\Debug\TM1637.o
display_pac                                       obj\Debug\TM1637.o
                                                  obj\Debug\main.o
display_rght                                      obj\Debug\TM1637.o
display_sendbyte                                  obj\Debug\TM1637.o
display_srch                                      obj\Debug\TM1637.o
display_start                                     obj\Debug\TM1637.o
display_stop                                      obj\Debug\TM1637.o
display_turn                                      obj\Debug\TM1637.o
                                                  obj\Debug\main.o
display_txt_stop                                  obj\Debug\TM1637.o
                                                  obj\Debug\basic_io.o
donk_detection                                    obj\Debug\intermediate_control.o
                                                  obj\Debug\main.o
donk_init                                         obj\Debug\basic_io.o
donk_left                                         obj\Debug\basic_io.o
                                                  obj\Debug\intermediate_control.o
donk_right                                        obj\Debug\basic_io.o
                                                  obj\Debug\intermediate_control.o
exit                                              c:/program files (x86)/avr-gcc-12.0.1/bin/../lib/gcc/avr/12.1.0/avr6\libgcc.a(_exit.o)
                                                  c:/program files (x86)/avr-gcc-12.0.1/bin/../lib/gcc/avr/12.1.0/../../../../avr/lib/avr6/crtatmega2560.o
gp_timer                                          obj\Debug\intermediate_control.o
                                                  obj\Debug\music.o
                                                  obj\Debug\main.o
gp_timer2                                         obj\Debug\intermediate_control.o
hz_to_icr_value                                   obj\Debug\music.o
init                                              obj\Debug\intermediate_control.o
                                                  obj\Debug\main.o
init_gp_timer                                     obj\Debug\intermediate_control.o
init_gp_timer2                                    obj\Debug\intermediate_control.o
init_stop_button                                  obj\Debug\basic_io.o
itermediate_control_init                          obj\Debug\intermediate_control.o
letters                                           obj\Debug\TM1637.o
main                                              obj\Debug\main.o
                                                  c:/program files (x86)/avr-gcc-12.0.1/bin/../lib/gcc/avr/12.1.0/../../../../avr/lib/avr6/crtatmega2560.o
music_init                                        obj\Debug\music.o
                                                  obj\Debug\intermediate_control.o
play_beep                                         obj\Debug\music.o
                                                  obj\Debug\main.o
play_beep_sad                                     obj\Debug\music.o
                                                  obj\Debug\main.o
play_note                                         obj\Debug\music.o
play_song                                         obj\Debug\music.o
                                                  obj\Debug\main.o
rfid_check_tag_present                            obj\Debug\rfid_mfrc522.o
                                                  obj\Debug\main.o
rfid_init                                         obj\Debug\rfid_mfrc522.o
                                                  obj\Debug\main.o
rfid_tag_detected                                 obj\Debug\rfid_mfrc522.o
                                                  obj\Debug\main.o
spi_init                                          obj\Debug\rfid_mfrc522.o
spi_transfer                                      obj\Debug\rfid_mfrc522.o
start_button_init                                 obj\Debug\basic_io.o
starting_button                                   obj\Debug\basic_io.o
                                                  obj\Debug\main.o
stop_pressed                                      obj\Debug\basic_io.o
task_manager                                      obj\Debug\communication.o
                                                  obj\Debug\main.o
